// Jest Snapshot v1, https://goo.gl/fbAQLP

exports[`Error tests renders correctly 1`] = `
<div>
  <div
    class="mainContainer"
  >
    <div>
      <img
        alt="Page Not Found"
        class="imgStyle"
        src="pnf.jpg"
      />
    </div>
    <div>
      <a
        class="errorRedirectLink"
        href="/"
      >
        Go To Home
      </a>
    </div>
  </div>
</div>
`;
