// Jest Snapshot v1, https://goo.gl/fbAQLP

exports[`Renders the Image Slider component correctly 1`] = `
<div>
  <div>
    <img
      alt=""
      class="ImageSlider"
      src="one.jpeg"
    />
     
    <br />
    <div
      class="directionalButtons"
    >
      <button
        class="previousButton"
      >
        &lt;
      </button>
      <button
        class="forwardButton"
      >
        &gt;
      </button>
    </div>
  </div>
</div>
`;
