// Jest Snapshot v1, https://goo.gl/fbAQLP

exports[`App tests renders correctly 1`] = `
<div>
  <div
    class="mainContainer"
  >
    <div
      class="headerContainer"
    >
      <header>
        <nav
          class="navContainer"
        >
          <a
            href="/"
          >
            <img
              alt="IPL Player Cricket"
              class="logoBox"
              src="ipl.png"
            />
          </a>
          <ul
            class="listControl"
          >
            <li>
              <a
                class="stylingLink"
                href="/"
              >
                Home
              </a>
            </li>
            <li>
              <a
                class="stylingLink"
                href="/Teams"
              >
                Teams
              </a>
            </li>
            <li>
              <a
                class="stylingLink"
                href="/News"
              >
                News
              </a>
            </li>
            <li>
              <a
                class="stylingLink"
                href="/AboutUs"
              >
                About Us
              </a>
            </li>
            <li>
              <a
                class="stylingLink"
                href="/form"
              >
                Feedback
              </a>
            </li>
            <li>
              <a
                class="stylingLink"
                href="/ContactUs"
              >
                Contact Us
              </a>
            </li>
          </ul>
        </nav>
      </header>
    </div>
    <div
      class="centerArea"
    >
      <div>
        <div>
          <img
            alt=""
            class="ImageSlider"
            src="one.jpeg"
          />
           
          <br />
          <div
            class="directionalButtons"
          >
            <button
              class="previousButton"
            >
              &lt;
            </button>
            <button
              class="forwardButton"
            >
              &gt;
            </button>
          </div>
        </div>
      </div>
      <div>
        <h1
          class="headerStyling"
        >
          2021 Leaders
        </h1>
      </div>
      <div
        class="leadersContainer"
      >
        <div
          class="playerOneContainer"
        >
          <img
            alt="Sport Player First"
            src="https://static.iplt20.com/players/210/41.png"
          />
          <div
            class="awardOneContainer"
          >
            <strong
              class="awardOne"
            >
              Orange Cap
            </strong>
          </div>
          <div
            class="playerOneInfo"
          >
            <div>
              Sikhar
            </div>
            <div>
              <strong
                class="stylingName"
              >
                Dhawan
              </strong>
            </div>
            <div>
              <strong
                class="stylingDigit"
              >
                231
              </strong>
            </div>
            <div>
              <small
                class="stylingText"
              >
                Runs
              </small>
            </div>
          </div>
        </div>
        <div
          class="playerTwoContainer"
        >
          <img
            alt="Sport Player Second"
            src="https://static.iplt20.com/players/210/157.png"
          />
          <div
            class="awardTwoContainer"
          >
            <strong
              class="awardTwo"
            >
              Purple Cap
            </strong>
          </div>
          <div
            class="playerOneInfo"
          >
            <div>
              Harshal
            </div>
            <div>
              <strong
                class="stylingName"
              >
                Patel
              </strong>
            </div>
            <div>
              <strong
                class="stylingDigit"
              >
                12
              </strong>
            </div>
            <div>
              <small
                class="stylingText"
              >
                Wickets
              </small>
            </div>
          </div>
        </div>
        <div
          class="playerThreeContainer"
        >
          <img
            alt="Sport Player Third"
            src="https://static.iplt20.com/players/210/258.png"
          />
          <div
            class="awardThreeContainer"
          >
            <strong
              class="awardThree"
            >
              Highest Score
            </strong>
          </div>
          <div
            class="playerOneInfo"
          >
            <div>
              Sanju
            </div>
            <div>
              <strong
                class="stylingName"
              >
                Samson
              </strong>
            </div>
            <div>
              <strong
                class="stylingDigit"
              >
                119
              </strong>
            </div>
            <div>
              <small
                class="stylingText"
              >
                Score
              </small>
            </div>
          </div>
        </div>
        <div
          class="playerFourContainer"
        >
          <img
            alt="Sport Player Fourth"
            src="https://static.iplt20.com/players/210/177.png"
          />
          <div
            class="awardFourContainer"
          >
            <strong
              class="awardFourStyling"
            >
              Best Bowling Figures
            </strong>
          </div>
          <div
            class="playerOneInfo"
          >
            <div>
              Andre
            </div>
            <div>
              <strong
                class="stylingName"
              >
                Russell
              </strong>
            </div>
            <div>
              <strong
                class="stylingDigit"
              >
                5/15
              </strong>
            </div>
            <div>
              <small
                class="stylingText"
              >
                Wickets
              </small>
            </div>
          </div>
        </div>
        <div
          class="playerFiveContainer"
        >
          <img
            alt="Sport Player Fifth"
            src="https://static.iplt20.com/players/210/41.png"
          />
          <div
            class="awardFiveContainer"
          >
            <strong
              class="awardFiveStyling"
            >
              Upstox Most Valuable Player
            </strong>
          </div>
          <div
            class="playerFiveInfo"
          >
            <div>
              Shikhar
            </div>
            <div>
              <strong
                class="stylingName"
              >
                Dhawan
              </strong>
            </div>
            <div>
              <strong
                class="stylingDigit"
              >
                107.5
              </strong>
            </div>
            <div>
              <small
                class="stylingText"
              >
                pts
              </small>
            </div>
          </div>
        </div>
      </div>
      <div>
        <h1
          class="pointTableHeaderStyling"
        >
          Point Table
        </h1>
      </div>
      <div
        class="tableContainer"
      >
        <table
          class="scheduleTable"
        >
          <thead>
            <tr
              class="tableFirstRow"
            >
              <th />
              <th>
                Team
              </th>
              <th>
                Pld
              </th>
              <th>
                Won
              </th>
              <th>
                Lost
              </th>
              <th>
                Tied
              </th>
              <th>
                N/R
              </th>
              <th>
                Net RR
              </th>
              <th>
                For
              </th>
              <th>
                Against
              </th>
              <th>
                Pts
              </th>
            </tr>
          </thead>
          <tbody>
            <tr>
              <td>
                1
              </td>
              <td
                class="shadowTable"
              >
                Delhi Capitals
              </td>
              <td>
                1
              </td>
              <td>
                1
              </td>
              <td>
                0
              </td>
              <td>
                0
              </td>
              <td>
                0
              </td>
              <td>
                +0.779
              </td>
              <td>
                190/18.4
              </td>
              <td>
                188/20
              </td>
              <td>
                2
              </td>
            </tr>
            <tr>
              <td>
                2
              </td>
              <td
                class="shadowTable"
              >
                Kolkata Knight Riders
              </td>
              <td>
                1
              </td>
              <td>
                1
              </td>
              <td>
                0
              </td>
              <td>
                0
              </td>
              <td>
                0
              </td>
              <td>
                +0.500
              </td>
              <td>
                187/20
              </td>
              <td>
                177/20
              </td>
              <td>
                2
              </td>
            </tr>
            <tr>
              <td>
                3
              </td>
              <td
                class="shadowTable"
              >
                Punjab Kings
              </td>
              <td>
                1
              </td>
              <td>
                1
              </td>
              <td>
                0
              </td>
              <td>
                0
              </td>
              <td>
                0
              </td>
              <td>
                +0.200
              </td>
              <td>
                221/20
              </td>
              <td>
                217/20
              </td>
              <td>
                2
              </td>
            </tr>
            <tr>
              <td>
                4
              </td>
              <td
                class="shadowTable"
              >
                Royal Challengers Bangalore
              </td>
              <td>
                1
              </td>
              <td>
                1
              </td>
              <td>
                0
              </td>
              <td>
                0
              </td>
              <td>
                0
              </td>
              <td>
                +0.050
              </td>
              <td>
                160/20
              </td>
              <td>
                159/20
              </td>
              <td>
                2
              </td>
            </tr>
            <tr>
              <td>
                5
              </td>
              <td
                class="shadowTable"
              >
                Mumbai Indians
              </td>
              <td>
                1
              </td>
              <td>
                0
              </td>
              <td>
                1
              </td>
              <td>
                0
              </td>
              <td>
                0
              </td>
              <td>
                -0.050
              </td>
              <td>
                159/20
              </td>
              <td>
                160/20
              </td>
              <td>
                0
              </td>
            </tr>
            <tr>
              <td>
                6
              </td>
              <td
                class="shadowTable"
              >
                Rajasthan Royals
              </td>
              <td>
                1
              </td>
              <td>
                0
              </td>
              <td>
                1
              </td>
              <td>
                0
              </td>
              <td>
                0
              </td>
              <td>
                -0.200
              </td>
              <td>
                217/20
              </td>
              <td>
                221/20
              </td>
              <td>
                0
              </td>
            </tr>
            <tr>
              <td>
                7
              </td>
              <td
                class="shadowTable"
              >
                Sunrisers Hyderabad
              </td>
              <td>
                1
              </td>
              <td>
                0
              </td>
              <td>
                1
              </td>
              <td>
                0
              </td>
              <td>
                0
              </td>
              <td>
                -0.500
              </td>
              <td>
                177/20
              </td>
              <td>
                187/20
              </td>
              <td>
                0
              </td>
            </tr>
            <tr>
              <td>
                8
              </td>
              <td
                class="shadowTable"
              >
                Chennai Super Kings
              </td>
              <td>
                1
              </td>
              <td>
                0
              </td>
              <td>
                1
              </td>
              <td>
                0
              </td>
              <td>
                0
              </td>
              <td>
                -0.779
              </td>
              <td>
                188/20
              </td>
              <td>
                190/18.4
              </td>
              <td>
                0
              </td>
            </tr>
          </tbody>
        </table>
      </div>
    </div>
    <footer>
      Developed By: 
      <i>
        Heni Bhungalia
      </i>
      <a
        class="footerLink"
        href="/ContactUs"
      >
        Contact Us
      </a>
    </footer>
  </div>
</div>
`;
